event_count
dead: 636.6666666666666,543,812
alive: 426.5,299,554

encounter_count
dead: 15.0,11,23
alive: 19.0,7,31

record_length
dead: 25.666666666666668,21.0,10,46
alive: 1061.0,1061.0,6,2116

common diagnosis:
dead:
DIAG201826,2
DIAG319835,2
DIAG132797,2
DIAG313217,2
DIAG81902,1

alive:
DIAG81151,1
DIAG79864,1
DIAG442531,1
DIAG440603,1
DIAG437149,1

common medication:
dead:
DRUG956874,17
DRUG43012825,16
DRUG19049105,16
DRUG19093848,11
DRUG1307046,11

alive:
DRUG1126658,7
DRUG19049105,6
DRUG961047,4
DRUG1125315,4
DRUG1112807,4

common lab:
dead:
LAB3009542,70
LAB3023103,58
LAB3000963,56
LAB3013682,55
LAB3016723,55

alive:
LAB3009542,38
LAB3016723,37
LAB3013682,35
LAB3007461,33
LAB3000963,26

