version https://git-lfs.github.com/spec/v1
oid sha256:5ec3ac02d443c1ab798de78022436e2b5302908d2d4eeb5f03d822facfa2a573
size 23092
