version https://git-lfs.github.com/spec/v1
oid sha256:c29767d518146d6c5471a0fef4343681acff9ef6451669bb3f60d681e26ce0de
size 51414
