version https://git-lfs.github.com/spec/v1
oid sha256:cc25649c134fa127ffa3979e6c6c12022b7eec6635b16a6bf032272cfca68a4f
size 6377
