version https://git-lfs.github.com/spec/v1
oid sha256:d00188e4f6b637a85d3f54f5a290543a6050f93695c9c42ad1d1c6b88b1a31ef
size 7277
