version https://git-lfs.github.com/spec/v1
oid sha256:c61e53f9e3602ed037c196a556bf6ca606a20851dce0c621f05e711bd191b42d
size 4373
