version https://git-lfs.github.com/spec/v1
oid sha256:9d38a8c95b88f6245d29371233a3e695850562417003e0f13a92bc7bf0770704
size 54734
